// Jest Snapshot v1, https://goo.gl/fbAQLP

exports[`ForgotPassword matches snapshot 1`] = `
<div>
  <div
    class="ant-space ant-space-horizontal ant-space-align-center"
  >
    <div
      class="ant-space-item"
    >
      <div
        class="ant-row ant-row-center ant-row-middle sc-pNWdM oTyik"
      >
        <div
          class="ant-col ant-col-xs-24 ant-col-sm-12 ant-col-md-10 ant-col-lg-8"
        >
          <form
            class="sc-jrsJWt fvCjFZ"
            data-testid="forgot-password-form"
          >
            <div
              class="ant-card ant-card-bordered"
            >
              <div
                class="ant-card-body"
              >
                <div
                  class="ant-row ant-row-center ant-row-middle"
                >
                  <svg
                    class="sc-bdnxRM goXlsq"
                  >
                    brand-light-theme.svg
                  </svg>
                </div>
                <div
                  class="ant-row"
                >
                  <div
                    class="ant-col ant-col-xs-24"
                  >
                    <h5
                      class="ant-typography sc-kEqXSa dYmnsH"
                    >
                      forgotPassword.description
                    </h5>
                  </div>
                </div>
                <div
                  class="ant-row"
                >
                  <div
                    class="ant-col ant-col-xs-24"
                  >
                    <div
                      class="ant-row ant-form-item sc-jSFjdj byNJCq"
                    >
                      <div
                        class="ant-col ant-form-item-label"
                      >
                        <label
                          class=""
                          title="common.emailLabel"
                        >
                          common.emailLabel
                        </label>
                      </div>
                      <div
                        class="ant-col ant-form-item-control"
                      >
                        <div
                          class="ant-form-item-control-input"
                        >
                          <div
                            class="ant-form-item-control-input-content"
                          >
                            <span
                              class="ant-input-affix-wrapper ant-input-affix-wrapper-lg"
                            >
                              <span
                                class="ant-input-prefix"
                              >
                                <span
                                  aria-label="mail"
                                  class="anticon anticon-mail"
                                  role="img"
                                >
                                  <svg
                                    aria-hidden="true"
                                    data-icon="mail"
                                    fill="currentColor"
                                    focusable="false"
                                    height="1em"
                                    viewBox="64 64 896 896"
                                    width="1em"
                                  >
                                    <path
                                      d="M928 160H96c-17.7 0-32 14.3-32 32v640c0 17.7 14.3 32 32 32h832c17.7 0 32-14.3 32-32V192c0-17.7-14.3-32-32-32zm-40 110.8V792H136V270.8l-27.6-21.5 39.3-50.5 42.8 33.3h643.1l42.8-33.3 39.3 50.5-27.7 21.5zM833.6 232L512 482 190.4 232l-42.8-33.3-39.3 50.5 27.6 21.5 341.6 265.6a55.99 55.99 0 0068.7 0L888 270.8l27.6-21.5-39.3-50.5-42.7 33.2z"
                                    />
                                  </svg>
                                </span>
                              </span>
                              <input
                                aria-label="email"
                                class="ant-input ant-input-lg"
                                data-testid="email-input"
                                name="email"
                                placeholder="common.emailPlaceholder"
                                type="text"
                                value=""
                              />
                            </span>
                            <small
                              class="sc-gKAaRy kDbdUP ant-form-item-explain ant-form-item-explain-error"
                              data-testid=""
                            >
                              Â 
                            </small>
                          </div>
                        </div>
                      </div>
                    </div>
                  </div>
                </div>
                <div
                  class="ant-row ant-row-end"
                >
                  <a
                    href="/login"
                  >
                    forgotPassword.redirectToLogin
                  </a>
                </div>
                <div
                  class="ant-row"
                >
                  <button
                    class="ant-btn ant-btn-primary ant-btn-lg sc-dIsUp izwWel"
                    data-testid="forgot-password-submit-button"
                    type="submit"
                  >
                    <span
                      aria-label="mail"
                      class="anticon anticon-mail"
                      role="img"
                    >
                      <svg
                        aria-hidden="true"
                        data-icon="mail"
                        fill="currentColor"
                        focusable="false"
                        height="1em"
                        viewBox="64 64 896 896"
                        width="1em"
                      >
                        <path
                          d="M928 160H96c-17.7 0-32 14.3-32 32v640c0 17.7 14.3 32 32 32h832c17.7 0 32-14.3 32-32V192c0-17.7-14.3-32-32-32zm-40 110.8V792H136V270.8l-27.6-21.5 39.3-50.5 42.8 33.3h643.1l42.8-33.3 39.3 50.5-27.7 21.5zM833.6 232L512 482 190.4 232l-42.8-33.3-39.3 50.5 27.6 21.5 341.6 265.6a55.99 55.99 0 0068.7 0L888 270.8l27.6-21.5-39.3-50.5-42.7 33.2z"
                        />
                      </svg>
                    </span>
                    <span
                      class="sc-dlnjwi jsqGlf"
                    >
                      forgotPassword.actionButton
                    </span>
                  </button>
                </div>
                <div
                  class="ant-row ant-row-center ant-row-middle"
                >
                  <a
                    href="/signup"
                  >
                    common.notRegistered
                  </a>
                </div>
              </div>
            </div>
          </form>
        </div>
      </div>
    </div>
  </div>
</div>
`;
