// Jest Snapshot v1, https://goo.gl/fbAQLP

exports[`ProfileSettings matches snapshot 1`] = `
<div>
  <div
    class="ant-row ant-row-center sc-gKAaRy cEbbEI"
  >
    <div
      class="ant-col ant-col-xs-24 ant-col-md-18"
    >
      <div
        class="ant-card ant-card-bordered"
      >
        <div
          class="ant-card-head"
        >
          <div
            class="ant-card-head-wrapper"
          >
            <div
              class="ant-card-head-title"
            >
              <span
                class="sc-iCoGMd cryoxS"
              >
                profileSettings.profileSettingCardTitle
              </span>
            </div>
          </div>
        </div>
        <div
          class="ant-card-body"
        >
          <form>
            <div
              class="ant-row"
              style="margin: -8px -8px -8px -8px;"
            >
              <div
                class="ant-col ant-col-xs-24 ant-col-md-12"
                style="padding: 8px 8px 8px 8px;"
              >
                <div
                  class="ant-row ant-form-item sc-dlnjwi gmVArL"
                >
                  <div
                    class="ant-col ant-form-item-label"
                  >
                    <label
                      class=""
                      title="profileSettings.currentLanguageLabel"
                    >
                      profileSettings.currentLanguageLabel
                    </label>
                  </div>
                  <div
                    class="ant-col ant-form-item-control"
                  >
                    <div
                      class="ant-form-item-control-input"
                    >
                      <div
                        class="ant-form-item-control-input-content"
                      >
                        <div
                          aria-label="current language"
                          class="ant-select ant-select-lg ant-select-single ant-select-show-arrow"
                          data-testid="language-select-field"
                          style="border-color: #fff;"
                        >
                          <div
                            class="ant-select-selector"
                          >
                            <span
                              class="ant-select-selection-search"
                            >
                              <input
                                aria-activedescendant="rc_select_TEST_OR_SSR_list_0"
                                aria-autocomplete="list"
                                aria-controls="rc_select_TEST_OR_SSR_list"
                                aria-haspopup="listbox"
                                aria-label="current language"
                                aria-owns="rc_select_TEST_OR_SSR_list"
                                autocomplete="off"
                                class="ant-select-selection-search-input"
                                id="rc_select_TEST_OR_SSR"
                                readonly=""
                                role="combobox"
                                style="opacity: 0;"
                                type="search"
                                unselectable="on"
                                value=""
                              />
                            </span>
                            <span
                              class="ant-select-selection-item"
                              title="language.en"
                            >
                              language.en
                            </span>
                          </div>
                          <span
                            aria-hidden="true"
                            class="ant-select-arrow"
                            style="user-select: none;"
                            unselectable="on"
                          >
                            <span
                              aria-label="down"
                              class="anticon anticon-down ant-select-suffix"
                              role="img"
                            >
                              <svg
                                aria-hidden="true"
                                data-icon="down"
                                fill="currentColor"
                                focusable="false"
                                height="1em"
                                viewBox="64 64 896 896"
                                width="1em"
                              >
                                <path
                                  d="M884 256h-75c-5.1 0-9.9 2.5-12.9 6.6L512 654.2 227.9 262.6c-3-4.1-7.8-6.6-12.9-6.6h-75c-6.5 0-10.3 7.4-6.5 12.7l352.6 486.1c12.8 17.6 39 17.6 51.7 0l352.6-486.1c3.9-5.3.1-12.7-6.4-12.7z"
                                />
                              </svg>
                            </span>
                          </span>
                        </div>
                        <small
                          class="sc-hKFxyN ewAPMu ant-form-item-explain ant-form-item-explain-error"
                          data-testid=""
                        >
                           
                        </small>
                      </div>
                    </div>
                  </div>
                </div>
              </div>
              <div
                class="ant-col ant-col-xs-24 ant-col-md-12"
                style="padding: 8px 8px 8px 8px;"
              >
                <div
                  class="ant-row ant-form-item sc-dlnjwi gmVArL"
                >
                  <div
                    class="ant-col ant-form-item-label"
                  >
                    <label
                      class=""
                      title="profileSettings.currentThemeLabel"
                    >
                      profileSettings.currentThemeLabel
                    </label>
                  </div>
                  <div
                    class="ant-col ant-form-item-control"
                  >
                    <div
                      class="ant-form-item-control-input"
                    >
                      <div
                        class="ant-form-item-control-input-content"
                      >
                        <div
                          aria-label="current theme"
                          class="ant-select ant-select-lg ant-select-single ant-select-show-arrow"
                          data-testid="theme-select-field"
                          style="border-color: #fff;"
                        >
                          <div
                            class="ant-select-selector"
                          >
                            <span
                              class="ant-select-selection-search"
                            >
                              <input
                                aria-activedescendant="rc_select_TEST_OR_SSR_list_0"
                                aria-autocomplete="list"
                                aria-controls="rc_select_TEST_OR_SSR_list"
                                aria-haspopup="listbox"
                                aria-label="current theme"
                                aria-owns="rc_select_TEST_OR_SSR_list"
                                autocomplete="off"
                                class="ant-select-selection-search-input"
                                id="rc_select_TEST_OR_SSR"
                                readonly=""
                                role="combobox"
                                style="opacity: 0;"
                                type="search"
                                unselectable="on"
                                value=""
                              />
                            </span>
                            <span
                              class="ant-select-selection-item"
                              title="profileSettings.lightTheme"
                            >
                              profileSettings.lightTheme
                            </span>
                          </div>
                          <span
                            aria-hidden="true"
                            class="ant-select-arrow"
                            style="user-select: none;"
                            unselectable="on"
                          >
                            <span
                              aria-label="down"
                              class="anticon anticon-down ant-select-suffix"
                              role="img"
                            >
                              <svg
                                aria-hidden="true"
                                data-icon="down"
                                fill="currentColor"
                                focusable="false"
                                height="1em"
                                viewBox="64 64 896 896"
                                width="1em"
                              >
                                <path
                                  d="M884 256h-75c-5.1 0-9.9 2.5-12.9 6.6L512 654.2 227.9 262.6c-3-4.1-7.8-6.6-12.9-6.6h-75c-6.5 0-10.3 7.4-6.5 12.7l352.6 486.1c12.8 17.6 39 17.6 51.7 0l352.6-486.1c3.9-5.3.1-12.7-6.4-12.7z"
                                />
                              </svg>
                            </span>
                          </span>
                        </div>
                        <small
                          class="sc-hKFxyN ewAPMu ant-form-item-explain ant-form-item-explain-error"
                          data-testid=""
                        >
                           
                        </small>
                      </div>
                    </div>
                  </div>
                </div>
              </div>
              <div
                class="ant-col ant-col-xs-24"
                style="padding: 8px 8px 8px 8px;"
              >
                <div
                  class="ant-row ant-row-end"
                >
                  <button
                    class="ant-btn ant-btn-primary"
                    data-testid="profile-settings-action-button"
                    type="submit"
                  >
                    <span>
                      <span
                        class="sc-iCoGMd cryoxS"
                      >
                        common.save
                      </span>
                    </span>
                  </button>
                </div>
              </div>
            </div>
          </form>
        </div>
      </div>
    </div>
  </div>
</div>
`;
